<testsuites id="" name="" tests="10" failures="1" skipped="0" errors="0" time="130.6831319999993">
<testsuite name="TC_01_productPage.test.js" timestamp="2023-08-31T10:50:02.796Z" hostname="Chrome" tests="5" failures="0" skipped="0" time="64.578" errors="0">
<testcase name="@smoke: Login as a standard user to verify the products page and logout from the application › Login to App as a standard user" classname="TC_01_productPage.test.js" time="15.743">
<system-out>
<![CDATA[
[[ATTACHMENT|..\test-results\TC_01_productPage--smoke-Login-as-a-standard-u-be920-the-application-Login-to-App-as-a-standard-user-Chrome\trace.zip]]
]]>
</system-out>
</testcase>
<testcase name="@smoke: Login as a standard user to verify the products page and logout from the application › Click on the &quot;About&quot; side nav bar link to check whether user is navigated to sauce labs page" classname="TC_01_productPage.test.js" time="9.083">
<system-out>
<![CDATA[
[[ATTACHMENT|..\test-results\TC_01_productPage--smoke-Login-as-a-standard-u-1c23d-ck-whether-user-is-navigated-to-sauce-labs-page-Chrome\trace.zip]]
]]>
</system-out>
</testcase>
<testcase name="Verify All Social Channel Links › Click on Facebook link and check whether user is navigated to Facebook page" classname="TC_01_productPage.test.js" time="15.808">
<system-out>
<![CDATA[
[[ATTACHMENT|..\test-results\TC_01_productPage-Verify-All-Social-Channel-Li-e35c0-heck-whether-user-is-navigated-to-Facebook-page-Chrome\trace.zip]]
]]>
</system-out>
</testcase>
<testcase name="Verify All Social Channel Links › Click on LinkedIn link and check whether user is navigated to LinkedIn page" classname="TC_01_productPage.test.js" time="12.695">
<system-out>
<![CDATA[
[[ATTACHMENT|..\test-results\TC_01_productPage-Verify-All-Social-Channel-Li-37edf-heck-whether-user-is-navigated-to-LinkedIn-page-Chrome\trace.zip]]
]]>
</system-out>
</testcase>
<testcase name="Verify All Social Channel Links › Click on Twitter link and check whether user is navigated to twitter page" classname="TC_01_productPage.test.js" time="11.249">
<system-out>
<![CDATA[
[[ATTACHMENT|..\test-results\TC_01_productPage-Verify-All-Social-Channel-Li-a9fac-check-whether-user-is-navigated-to-twitter-page-Chrome\trace.zip]]
]]>
</system-out>
</testcase>
</testsuite>
<testsuite name="TC_02_checkoutWorkflow.test.js" timestamp="2023-08-31T10:50:02.796Z" hostname="Chrome" tests="1" failures="0" skipped="0" time="18.971" errors="0">
<testcase name="Login as a standard user to complete the checkout workflow › Login to App as a standard user" classname="TC_02_checkoutWorkflow.test.js" time="18.971">
<system-out>
<![CDATA[
[[ATTACHMENT|..\test-results\TC_02_checkoutWorkflow-Login-as-a-standard-use-e6fec-eckout-workflow-Login-to-App-as-a-standard-user-Chrome\trace.zip]]
]]>
</system-out>
</testcase>
</testsuite>
<testsuite name="TC_03_checkoutWithSUandPGU.test.js" timestamp="2023-08-31T10:50:02.796Z" hostname="Chrome" tests="1" failures="1" skipped="0" time="60.015" errors="0">
<testcase name="Login as a Standard User to select a product item and then complete the checkout workflow with Performance Glitch User › Login to App as a standard user" classname="TC_03_checkoutWithSUandPGU.test.js" time="60.015">
<failure message="TC_03_checkoutWithSUandPGU.test.js:91:7 Login to App as a standard user" type="FAILURE">
<![CDATA[  [Chrome] › TC_03_checkoutWithSUandPGU.test.js:91:7 › Login as a Standard User to select a product item and then complete the checkout workflow with Performance Glitch User › Login to App as a standard user 

    Test timeout of 60000ms exceeded.

    Error: file data stream has unexpected number of bytes




    attachment #1: screenshot (image/png) ──────────────────────────────────────
    test-results\TC_03_checkoutWithSUandPGU-Login-as-a-Standard-af5ed-nce-Glitch-User-Login-to-App-as-a-standard-user-Chrome\test-failed-1.png
    ────────────────────────────────────────────────────────────────────────────

    attachment #2: screenshot (image/png) ──────────────────────────────────────
    test-results\TC_03_checkoutWithSUandPGU-Login-as-a-Standard-af5ed-nce-Glitch-User-Login-to-App-as-a-standard-user-Chrome\test-failed-2.png
    ────────────────────────────────────────────────────────────────────────────

    attachment #3: screenshot (image/png) ──────────────────────────────────────
    test-results\TC_03_checkoutWithSUandPGU-Login-as-a-Standard-af5ed-nce-Glitch-User-Login-to-App-as-a-standard-user-Chrome\test-failed-3.png
    ────────────────────────────────────────────────────────────────────────────

    attachment #4: screenshot (image/png) ──────────────────────────────────────
    test-results\TC_03_checkoutWithSUandPGU-Login-as-a-Standard-af5ed-nce-Glitch-User-Login-to-App-as-a-standard-user-Chrome\test-failed-4.png
    ────────────────────────────────────────────────────────────────────────────

    attachment #5: screenshot (image/png) ──────────────────────────────────────
    test-results\TC_03_checkoutWithSUandPGU-Login-as-a-Standard-af5ed-nce-Glitch-User-Login-to-App-as-a-standard-user-Chrome\test-failed-5.png
    ────────────────────────────────────────────────────────────────────────────

    attachment #6: screenshot (image/png) ──────────────────────────────────────
    test-results\TC_03_checkoutWithSUandPGU-Login-as-a-Standard-af5ed-nce-Glitch-User-Login-to-App-as-a-standard-user-Chrome\test-failed-6.png
    ────────────────────────────────────────────────────────────────────────────

    attachment #7: screenshot (image/png) ──────────────────────────────────────
    test-results\TC_03_checkoutWithSUandPGU-Login-as-a-Standard-af5ed-nce-Glitch-User-Login-to-App-as-a-standard-user-Chrome\test-failed-7.png
    ────────────────────────────────────────────────────────────────────────────
]]>
</failure>
<system-out>
<![CDATA[
[[ATTACHMENT|..\test-results\TC_03_checkoutWithSUandPGU-Login-as-a-Standard-af5ed-nce-Glitch-User-Login-to-App-as-a-standard-user-Chrome\test-failed-1.png]]

[[ATTACHMENT|..\test-results\TC_03_checkoutWithSUandPGU-Login-as-a-Standard-af5ed-nce-Glitch-User-Login-to-App-as-a-standard-user-Chrome\test-failed-2.png]]

[[ATTACHMENT|..\test-results\TC_03_checkoutWithSUandPGU-Login-as-a-Standard-af5ed-nce-Glitch-User-Login-to-App-as-a-standard-user-Chrome\test-failed-3.png]]

[[ATTACHMENT|..\test-results\TC_03_checkoutWithSUandPGU-Login-as-a-Standard-af5ed-nce-Glitch-User-Login-to-App-as-a-standard-user-Chrome\test-failed-4.png]]

[[ATTACHMENT|..\test-results\TC_03_checkoutWithSUandPGU-Login-as-a-Standard-af5ed-nce-Glitch-User-Login-to-App-as-a-standard-user-Chrome\test-failed-5.png]]

[[ATTACHMENT|..\test-results\TC_03_checkoutWithSUandPGU-Login-as-a-Standard-af5ed-nce-Glitch-User-Login-to-App-as-a-standard-user-Chrome\test-failed-6.png]]

[[ATTACHMENT|..\test-results\TC_03_checkoutWithSUandPGU-Login-as-a-Standard-af5ed-nce-Glitch-User-Login-to-App-as-a-standard-user-Chrome\test-failed-7.png]]
]]>
</system-out>
</testcase>
</testsuite>
<testsuite name="TC_04_checkoutWithPUandPGU.test.js" timestamp="2023-08-31T10:50:02.796Z" hostname="Chrome" tests="1" failures="0" skipped="0" time="47.601" errors="0">
<testcase name="Login as a Problem user to select a product item and then complete the checkout workflow with Performance Glitch User › Login to App as a problem user" classname="TC_04_checkoutWithPUandPGU.test.js" time="47.601">
<system-out>
<![CDATA[
[[ATTACHMENT|..\test-results\TC_04_checkoutWithPUandPGU-Login-as-a-Problem--09621-ance-Glitch-User-Login-to-App-as-a-problem-user-Chrome\trace.zip]]
]]>
</system-out>
</testcase>
</testsuite>
<testsuite name="TC_05_checkoutWithPGUandSU.test.js" timestamp="2023-08-31T10:50:02.796Z" hostname="Chrome" tests="2" failures="0" skipped="0" time="35.506" errors="0">
<testcase name="Login as a Locked out user and Performance glitch user and complete the checkout workflow with Standard user › Login to App as a Locked out user user" classname="TC_05_checkoutWithPGUandSU.test.js" time="7.373">
<system-out>
<![CDATA[
[[ATTACHMENT|..\test-results\TC_05_checkoutWithPGUandSU-Login-as-a-Locked-o-fc71a-ard-user-Login-to-App-as-a-Locked-out-user-user-Chrome\trace.zip]]
]]>
</system-out>
</testcase>
<testcase name="Login as a Locked out user and Performance glitch user and complete the checkout workflow with Standard user › Login to App as a Performance glitch user" classname="TC_05_checkoutWithPGUandSU.test.js" time="28.133">
<system-out>
<![CDATA[
[[ATTACHMENT|..\test-results\TC_05_checkoutWithPGUandSU-Login-as-a-Locked-o-2e82c--user-Login-to-App-as-a-Performance-glitch-user-Chrome\trace.zip]]
]]>
</system-out>
</testcase>
</testsuite>
</testsuites>